{
  "geometry": {
    "side_mm": 19.0,
    "A_frt_cm2": 3.61,
    "porosity": 0.6232686980609419,
    "A_solid_m2": 0.000136,
    "rho_eff": 2146.8441391155,
    "wall_weights": {
      "T8": 0.2518,
      "T12": 0.3504,
      "T11": 0.3978
    }
  },
  "nusselt": {
    "prefactor": 0.00031394282845040214,
    "exponent": 1.4444975121632575,
    "r2": 0.9683956035078495,
    "stderr_exponent": 0.07237564853038449,
    "n": 15,
    "fd_reference": "H2",
    "Nu_fd": {
      "T": 2.976,
      "H2": 3.091,
      "H1": 3.608
    },
    "ratio_to_fd": [
      14.295341610035145,
      109.74819296787452
    ],
    "ratio_to_fd_all": {
      "T": [
        13.763486454695759,
        105.66503470475398
      ],
      "H2": [
        14.295341610035145,
        109.74819296787452
      ],
      "H1": [
        16.686377395343513,
        128.10465228990336
      ]
    },
    "grouped": {
      "exponent": 1.4723720043611714,
      "stderr": 0.01144310968461499,
      "r2": 0.9993401856921224,
      "prefactors": {
        "256": 0.00032378822626074764,
        "304": 0.0002719448290965793,
        "456": 0.00025473976709705095
      }
    },
    "per_flux": {
      "256": {
        "exponent": 1.4401482381005735,
        "prefactor": 0.0003659129888171171,
        "r2": 0.9998641329760084
      },
      "304": {
        "exponent": 1.4759361613980433,
        "prefactor": 0.00026824671045117004,
        "r2": 0.9996394842846481
      },
      "456": {
        "exponent": 1.530292852239358,
        "prefactor": 0.00020318626395379857,
        "r2": 0.9997589300010921
      }
    },
    "x_star_exit": [
      1.3985931995389218,
      5.63174479902465
    ]
  },
  "ntu_structure": {
    "exponent": 0.3891041201809895,
    "r2": 0.8508900311805653,
    "fixed_Nu_requirement": -1.0004127022464468,
    "fixed_h_requirement": -1.016238222812362,
    "stderr": 0.04517631212194304,
    "single_stream_requirement": -1.0,
    "gap_in_Re_power": 1.3891041201809895
  },
  "identification": {
    "cooling": {
      "C_eff": 298.30137978764014,
      "K_loss": 0.09513249202638516,
      "r2": 0.9643972778843787,
      "n": 3,
      "dof": 1
    },
    "heating_deep": {
      "C_eff": 280.57636496216486,
      "K_loss": 0.11357614809289333,
      "r2": 0.9034083416149512,
      "n": 15,
      "dof": 13
    },
    "heating_all6": {
      "C_eff": 121.56073267102103,
      "K_loss": 0.06673485409221147,
      "r2": 0.6135668833209397,
      "n": 15,
      "dof": 13
    },
    "joint": {
      "C_eff": 268.83486565621524,
      "K_loss": 0.09837309029820156,
      "r2": 0.8993270678974193,
      "n": 18,
      "dof": 16
    },
    "cooling_matched_eps": {
      "C_eff": 275.45326382258276,
      "K_loss": 0.07959438921562285,
      "r2": 0.9862568188315474,
      "n": 3,
      "dof": 1
    }
  },
  "sensor_selection_swing": {
    "C_deep": 280.57636496216486,
    "C_all6": 121.56073267102103,
    "ratio": 2.3081167643295366
  },
  "heating_window_sensitivity": [
    {
      "u_lo": 0.05,
      "u_hi": 0.35,
      "C_eff": 294.7218463996318,
      "K_loss": 0.12732797903058468,
      "r2": 0.8406586859060416
    },
    {
      "u_lo": 0.07,
      "u_hi": 0.45,
      "C_eff": 280.57636496216486,
      "K_loss": 0.11357614809289333,
      "r2": 0.9034083416149512
    },
    {
      "u_lo": 0.1,
      "u_hi": 0.5,
      "C_eff": 263.74495203247733,
      "K_loss": 0.09987914434079205,
      "r2": 0.9359033298066829
    },
    {
      "u_lo": 0.15,
      "u_hi": 0.6,
      "C_eff": 227.93821530565884,
      "K_loss": 0.07391829375771831,
      "r2": 0.9620963579257753
    },
    {
      "u_lo": 0.2,
      "u_hi": 0.7,
      "C_eff": 199.5006918341751,
      "K_loss": 0.05639721988499903,
      "r2": 0.9665490901064308
    }
  ],
  "crossings": {
    "256": {
      "q_local": 5.084757244807689,
      "eps_local": 0.6416395172633556,
      "q_global": 3.6916025948556443,
      "eps_global": 0.6280240706548031,
      "bracketed": 0.0,
      "q_min": 4.5281900826446275,
      "q_max": 13.851438016528924
    },
    "304": {
      "q_local": 8.359892246825414,
      "eps_local": 0.6550800660308858,
      "q_global": 10.324301537202198,
      "eps_global": 0.6732284412106325,
      "bracketed": 1.0,
      "q_min": 4.529809917355371,
      "q_max": 18.320363636363634
    },
    "456": {
      "q_local": 10.123449694193894,
      "eps_local": 0.6655233222329529,
      "q_global": 11.078262454746458,
      "eps_global": 0.6730093655983409,
      "bracketed": 1.0,
      "q_min": 7.131661157024793,
      "q_max": 15.283090909090909
    }
  },
  "ltne": {
    "Lam58": {
      "pooled": {
        "slope": 0.000230109110753517,
        "intercept": 0.031879090398753224,
        "r2": 0.20563611545048718
      },
      "per_flux": {
        "256": {
          "slope": 0.0003120354245677795,
          "intercept": 0.039411548392276625,
          "r2": 0.9923351428377789,
          "range": [
            0.047238966152292165,
            0.06353914405033621
          ]
        },
        "304": {
          "slope": 0.00026635954671154884,
          "intercept": 0.02821611366961481,
          "r2": 0.9994430301098082,
          "range": [
            0.03432651450473903,
            0.05314128380119545
          ]
        },
        "456": {
          "slope": 0.00018142232580609379,
          "intercept": 0.024690496823624057,
          "r2": 0.9838882822581293,
          "range": [
            0.030607229000341848,
            0.037443664448830474
          ]
        }
      }
    },
    "Lam107": {
      "pooled": {
        "slope": 0.0008286441178988208,
        "intercept": 0.03776860033151883,
        "r2": 0.8978410293928976
      },
      "per_flux": {
        "256": {
          "slope": 0.0008376344281768905,
          "intercept": 0.044766912192462475,
          "r2": 0.9997071896638441,
          "range": [
            0.06608983025239817,
            0.11078962807311216
          ]
        },
        "304": {
          "slope": 0.0008550313652837514,
          "intercept": 0.03411318538714306,
          "r2": 0.9993731530630605,
          "range": [
            0.0547097381510652,
            0.11435444362636456
          ]
        },
        "456": {
          "slope": 0.0008768834634740891,
          "intercept": 0.030141652181493672,
          "r2": 0.9965213249642448,
          "range": [
            0.06076145779167691,
            0.09392562955303495
          ]
        }
      }
    }
  },
  "delivered_power": {
    "K_bracket": [
      0.07959438921562285,
      0.11357614809289333
    ],
    "per_flux": {
      "256": {
        "f_Klo": 0.7827582025586837,
        "f_Khi": 0.9151185847186539,
        "G_closure_lo": 200.38609985502302,
        "G_closure_hi": 234.2703576879754,
        "G_nominal": 256.0,
        "G_interval": [
          200.38609985502302,
          256.0
        ],
        "eta_nom": [
          0.25203343347888363,
          0.6944566565129422
        ]
      },
      "304": {
        "f_Klo": 1.1479433349190926,
        "f_Khi": 1.323149627173108,
        "G_closure_lo": 348.97477381540415,
        "G_closure_hi": 402.2374866606248,
        "G_nominal": 304.0,
        "G_interval": [
          304.0,
          402.2374866606248
        ],
        "eta_nom": [
          0.29716229735665817,
          1.222989932923194
        ]
      },
      "456": {
        "f_Klo": 0.9878674490060936,
        "f_Khi": 1.1329314563683366,
        "G_closure_lo": 450.46755674677865,
        "G_closure_hi": 516.6167441039615,
        "G_nominal": 456.0,
        "G_interval": [
          450.46755674677865,
          516.6167441039615
        ],
        "eta_nom": [
          0.40738557720930063,
          0.9019989541558912
        ]
      }
    },
    "reconciling_dT3": {
      "256": [
        75.82971433819287,
        -17.41422582519002,
        254.72511735480035
      ],
      "304": [
        -125.32857993340899,
        -221.57518477330845,
        83.0224697699691
      ],
      "456": [
        -75.00319393887028,
        -178.25850114134553,
        86.85910519925966
      ]
    }
  },
  "T3_sensitivity": {
    "-25": {
      "eps": [
        0.5321480209340685,
        0.7184624005478213
      ],
      "Nu_prefactor": 0.00029666232242855987,
      "Nu_exponent": 1.4173881424759394,
      "NTU_exponent": 0.360594153076694,
      "eps_star": {
        "256": 0.5789028675090868,
        "304": 0.6136879483779532,
        "456": 0.6304790728519929
      },
      "eta_nom": [
        0.22662510759612145,
        1.13448939435114
      ],
      "identification": {
        "C_match": 271.3299059977201,
        "K_match": 0.0842557473868559,
        "r2_match": 0.9786968009925902,
        "C_deep": 262.03089326168566,
        "K_deep": 0.10721032025757647,
        "r2_deep": 0.903767856578752
      }
    },
    "+0": {
      "eps": [
        0.5730454647462903,
        0.7809054670563477
      ],
      "Nu_prefactor": 0.00031394282845040214,
      "Nu_exponent": 1.4444975121632575,
      "NTU_exponent": 0.3891041201809895,
      "eps_star": {
        "256": 0.6416395172633556,
        "304": 0.6550800660308858,
        "456": 0.6655233222329529
      },
      "eta_nom": [
        0.25203343347888363,
        1.222989932923194
      ],
      "identification": {
        "C_match": 275.45326382258276,
        "K_match": 0.07959438921562285,
        "r2_match": 0.9862568188315474,
        "C_deep": 280.57636496216486,
        "K_deep": 0.11357614809289333,
        "r2_deep": 0.9034083416149512
      }
    },
    "+25": {
      "eps": [
        0.613942908558512,
        0.8665984253168889
      ],
      "Nu_prefactor": 0.0003167811469146385,
      "Nu_exponent": 1.4857107030748855,
      "NTU_exponent": 0.4316717383642387,
      "eps_star": {
        "256": 0.7043761670176242,
        "304": 0.6964721836838184,
        "456": 0.7005675716139127
      },
      "eta_nom": [
        0.27757321409181085,
        1.3119887359236533
      ],
      "identification": {
        "C_match": 280.08397167662156,
        "K_match": 0.0752368914195611,
        "r2_match": 0.9919944398308255,
        "C_deep": 299.2360036123617,
        "K_deep": 0.11998855973825052,
        "r2_deep": 0.9030602462665253
      }
    },
    "band": {
      "C_match": [
        271.3299059977201,
        280.08397167662156
      ],
      "K_match": [
        0.0752368914195611,
        0.0842557473868559
      ],
      "C_deep": [
        262.03089326168566,
        299.2360036123617
      ],
      "K_deep": [
        0.10721032025757647,
        0.11998855973825052
      ]
    }
  },
  "pressure_drop": {
    "resolution_mbar": 0.2,
    "pred_range": [
      0.2015290983953481,
      0.9970664495587676
    ],
    "meas_range": [
      -0.0219504132231405,
      2.7433719008264466
    ],
    "ratio_range": [
      -0.10891932429568782,
      2.75144339882309
    ],
    "dp2_range": [
      -0.3044793388429752,
      -0.26414876033057855
    ]
  },
  "similarity": {
    "wall": {
      "t_half_mean": 0.2051901056559629,
      "cv_percent": 16.85980471948928
    },
    "gas": {
      "t_half_mean": 0.6345907791965745,
      "cv_percent": 7.7919572371603785
    }
  },
  "envelope": {
    "Re": [
      23.23589875497958,
      93.56040527185968
    ],
    "Pr": [
      0.6979541051549729,
      0.6997778010881711
    ],
    "Gz_L": [
      0.17756486412047431,
      0.7150041915902872
    ],
    "eps": [
      0.5730454647462903,
      0.7809054670563477
    ],
    "NTU": [
      0.8510777462380261,
      1.518251985025886
    ],
    "Nu": [
      0.02816447283924572,
      0.21622428370862842
    ],
    "Bi": [
      4.804338644419919e-06,
      3.38385494409917e-05
    ],
    "N_rc": [
      1.53179270426656,
      5.572157710129528
    ],
    "Lam58": [
      0.030607229000341848,
      0.06353914405033621
    ],
    "Lam107": [
      0.0547097381510652,
      0.11435444362636456
    ],
    "Pe_LD": [
      1481.2066376343034,
      5964.406076425824
    ],
    "eta_nom": [
      0.25203343347888363,
      1.222989932923194
    ]
  }
}
