[calibrate2D v8] Starting Heating-Only Parameter Optimization...
[calibrate2D v8] Heating-Only Eval 1: loss = 49.6307
[calibrate2D v8] Heating-Only Eval 2: loss = 32.4658
[calibrate2D v8] Heating-Only Eval 3: loss = 23.3338
[calibrate2D v8] Heating-Only Eval 4: loss = 49.1728
[calibrate2D v8] Heating-Only Eval 5: loss = 56.8913
[calibrate2D v8] Heating-Only Eval 6: loss = 67.7959
[calibrate2D v8] Heating-Only Eval 7: loss = 64.7836
[calibrate2D v8] Heating-Only Eval 8: loss = 63.5689
[calibrate2D v8] Heating-Only Eval 9: loss = 48.3545
[calibrate2D v8] Heating-Only Eval 10: loss = 47.4923
[calibrate2D v8] Heating-Only Eval 11: loss = 101.212
[calibrate2D v8] Heating-Only Eval 12: loss = 106.0174
[calibrate2D v8] Heating-Only Eval 13: loss = 52.9579
[calibrate2D v8] Heating-Only Eval 14: loss = 41.5221
[calibrate2D v8] Heating-Only Eval 15: loss = 36.5797
[calibrate2D v8] Heating-Only Eval 16: loss = 39.2104
[calibrate2D v8] Heating-Only Eval 17: loss = 41.6195
[calibrate2D v8] Heating-Only Eval 18: loss = 52.7395
[calibrate2D v8] Heating-Only Eval 19: loss = 59.8723
[calibrate2D v8] Heating-Only Eval 20: loss = 17.6984
[calibrate2D v8] Heating-Only Eval 21: loss = 17.2481
[calibrate2D v8] Heating-Only Eval 22: loss = 18.3249
[calibrate2D v8] Heating-Only Eval 23: loss = 17.1158
[calibrate2D v8] Heating-Only Eval 24: loss = 17.6467
[calibrate2D v8] Heating-Only Eval 25: loss = 17.3252
[calibrate2D v8] Heating-Only Eval 26: loss = 16.8
[calibrate2D v8] Heating-Only Eval 27: loss = 16.5197
[calibrate2D v8] Heating-Only Eval 28: loss = 15.7712
[calibrate2D v8] Heating-Only Eval 29: loss = 14.6568
[calibrate2D v8] Heating-Only Eval 30: loss = 14.1707
[calibrate2D v8] Heating-Only Eval 31: loss = 14.3316
[calibrate2D v8] Heating-Only Eval 32: loss = 13.9531
[calibrate2D v8] Heating-Only Eval 33: loss = 14.1052
[calibrate2D v8] Heating-Only Eval 34: loss = 14.0376
[calibrate2D v8] Heating-Only Eval 35: loss = 13.8169
[calibrate2D v8] Heating-Only Eval 36: loss = 13.7321
[calibrate2D v8] Heating-Only Eval 37: loss = 13.6297
[calibrate2D v8] Heating-Only Eval 38: loss = 13.5402
[calibrate2D v8] Heating-Only Eval 39: loss = 13.5651
[calibrate2D v8] Heating-Only Eval 40: loss = 13.6275
[calibrate2D v8] Heating-Only Eval 41: loss = 13.3744
[calibrate2D v8] Heating-Only Eval 42: loss = 13.2922
[calibrate2D v8] Heating-Only Eval 43: loss = 13.2777
[calibrate2D v8] Heating-Only Eval 44: loss = 13.2586
[calibrate2D v8] Heating-Only Eval 45: loss = 13.2171
[calibrate2D v8] Heating-Only Eval 46: loss = 13.1411
[calibrate2D v8] Heating-Only Eval 47: loss = 13.0364
[calibrate2D v8] Heating-Only Eval 48: loss = 12.9621
[calibrate2D v8] Heating-Only Eval 49: loss = 13.1098
[calibrate2D v8] Heating-Only Eval 50: loss = 13.116
[calibrate2D v8] Heating-Only Eval 51: loss = 12.8938
[calibrate2D v8] Heating-Only Eval 52: loss = 12.8432
[calibrate2D v8] Heating-Only Eval 53: loss = 12.8985
[calibrate2D v8] Heating-Only Eval 54: loss = 12.8808
[calibrate2D v8] Heating-Only Eval 55: loss = 12.9345
[calibrate2D v8] Heating-Only Eval 56: loss = 12.8829
[calibrate2D v8] Heating-Only Eval 57: loss = 12.7553
[calibrate2D v8] Heating-Only Eval 58: loss = 12.7246
[calibrate2D v8] Heating-Only Eval 59: loss = 12.7335
[calibrate2D v8] Heating-Only Eval 60: loss = 12.6711
pilot_objective=12.67111144832709
pilot_return_code=MaxIters
pilot_evaluations=60
pilot_parameters=[0.002007476945792451, 1.1135926198175752, 0.05368421283813515, 0.9086130005080822, 14.0, 0.1, 0.8580655609964761, 0.776185848837943, 0.51672161518935, 54.081387226214, 0.001, 96.10955829209641]
pilot_heating=(rmse_mean = 76.83514057423162, steady_mae = 85.36193126080933, t90_mae = 677.5333333333333)
pilot_cooling=(rmse_mean = 36.934700501763714, steady_mae = 11.502216007790619, t90_mae = 440.4761904761905)
pilot_mid_sign_correct=0/15
pilot_deep_sign_correct=0/15
